$ git checkout -- oven-bird.txt 
$ git checkout HEAD oven-bird.txt 
$ git diff
diff --git a/fire-and-ice.txt b/fire-and-ice.txt
index 7b82cb6..c18c258 100644
--- a/fire-and-ice.txt
+++ b/fire-and-ice.txt
@@ -3,7 +3,3 @@ Fire and Ice, by Robert Frost
 Some say the world will end in fire,
 Some say in ice.
 From what I've tasted of desire
-I hold with those who favor fire.
-But if it had to perish twice,
-I think I know enough of hate
-To say that for destruction ice
diff --git a/oven-bird.txt b/oven-bird.txt
index 7e78f81..c185245 100644
--- a/oven-bird.txt
+++ b/oven-bird.txt
@@ -1,15 +1,10 @@
-Oven Bird, by Robert Frost
+The Annoying Bird, by Robyn Lost
 
$ git add oven-bird.txt fire-and-ice.txt road-not-taken.txt 
$ git reset HEAD fire-and-ice.txt 
Unstaged changes after reset:
M       fire-and-ice.txt
$ git commit
Aborting commit due to empty commit message.
$ git commit -m "fire out"
[master 22fcee5] fire out
 2 files changed, 34 insertions(+), 39 deletions(-)
 rewrite oven-bird.txt (99%)
 rewrite road-not-taken.txt (99%)
$ git add .
$ git commit -m  "hereAgain"
[master 3f2bae4] hereAgain
 3 files changed, 8 insertions(+), 15 deletions(-)
$ git checkout HEAD oven-bird.txt fire-and-ice.txt road-not-taken.txt 
$ ^C
$ 